Nothing to build in platform 'MEC_HSL_Extend_v1_0'

Nothing to build in platform 'MEC_HSL_impl_V1_0'

Nothing to build in platform 'MEC_HSL_impl_V1_1'

Nothing to build in platform 'MEC_HSL_impl_V1_2'

Nothing to build in platform 'MEC_HSL_impl_V1_3'

Nothing to build in platform 'MEC_HSL_impl_V1_4'

Nothing to build in platform 'MEC_HSL_impl_V1_5'

Nothing to build in platform 'MEC_HSL_impl_V1_6'

Nothing to build in platform 'MEC_HSL_impl_V1_7'

Nothing to build in platform 'MEC_HSL_impl_V1_8'

Nothing to build in platform 'MEC_HSL_impl_V1_9'

09:13:55 **** Incremental Build of configuration Debug for project MEC_HLS_Impl_1_1 ****
make all 
'Building file: ../src/helloworld.c'
'Invoking: ARM v8 gcc compiler'
aarch64-none-elf-gcc -Wall -O0 -g3 -c -fmessage-length=0 -MT"src/helloworld.o" -IC:/University/Masters/Year_1/SYSC5906/SYSC5906_Project/Vitis_sdk_projects/MEC_HSL_impl_V1_9/export/MEC_HSL_impl_V1_9/sw/MEC_HSL_impl_V1_9/standalone_domain/bspinclude/include -MMD -MP -MF"src/helloworld.d" -MT"src/helloworld.o" -o "src/helloworld.o" "../src/helloworld.c"
../src/helloworld.c: In function 'extend_matrix':
../src/helloworld.c:193:15: warning: assignment to 'int' from 'int *' makes integer from pointer without a cast [-Wint-conversion]
  193 |     *extend_B = (int*)malloc(sizeof(int)*ow*oh*oc);
      |               ^
../src/helloworld.c:196:21: warning: initialization of 'int *' from 'int' makes pointer from integer without a cast [-Wint-conversion]
  196 |     int *bSet_ptr = *extend_B;
      |                     ^
../src/helloworld.c:203:17: warning: cast from pointer to integer of different size [-Wpointer-to-int-cast]
  203 |     *extend_A = (unsigned int)c;
      |                 ^
../src/helloworld.c:228:9: warning: assignment to 'int *' from 'int' makes pointer from integer without a cast [-Wint-conversion]
  228 |     ptr = *extend_B;
      |         ^
../src/helloworld.c: In function 'create':
../src/helloworld.c:247:15: warning: assignment to 'int' from 'int *' makes integer from pointer without a cast [-Wint-conversion]
  247 |     *create_B = (int*)malloc(sizeof(int)*create_ow*create_oh*create_oc);
      |               ^
../src/helloworld.c:249:21: warning: initialization of 'int *' from 'int' makes pointer from integer without a cast [-Wint-conversion]
  249 |     int *bSet_ptr = *create_B;
      |                     ^
../src/helloworld.c:284:9: warning: assignment to 'int *' from 'int' makes pointer from integer without a cast [-Wint-conversion]
  284 |     ptr = *create_B;
      |         ^
../src/helloworld.c: In function 'mul':
../src/helloworld.c:306:9: warning: assignment to 'int' from 'int *' makes integer from pointer without a cast [-Wint-conversion]
  306 |  *mul_O = (int*) malloc(sizeof(int)*ow*oh*oc*on);
      |         ^
../src/helloworld.c:308:18: warning: initialization of 'int *' from 'int' makes pointer from integer without a cast [-Wint-conversion]
  308 |  int *bSet_ptr = *mul_O;
      |                  ^
../src/helloworld.c:342:9: warning: assignment to 'int *' from 'int' makes pointer from integer without a cast [-Wint-conversion]
  342 |     ptr = *mul_O;
      |         ^
../src/helloworld.c: In function 'main':
../src/helloworld.c:384:26: warning: passing argument 1 of 'Xil_SetTlbAttributes' makes integer from pointer without a cast [-Wint-conversion]
  384 |     Xil_SetTlbAttributes(extend_control, NORM_NONCACHE);
      |                          ^~~~~~~~~~~~~~
      |                          |
      |                          volatile char *
In file included from ../src/helloworld.c:53:
C:/University/Masters/Year_1/SYSC5906/SYSC5906_Project/Vitis_sdk_projects/MEC_HSL_impl_V1_9/export/MEC_HSL_impl_V1_9/sw/MEC_HSL_impl_V1_9/standalone_domain/bspinclude/include/xil_mmu.h:85:35: note: expected 'UINTPTR' {aka 'long unsigned int'} but argument is of type 'volatile char *'
   85 | void Xil_SetTlbAttributes(UINTPTR Addr, u64 attrib);
      |                           ~~~~~~~~^~~~
../src/helloworld.c:385:23: warning: passing argument 1 of 'Xil_SetTlbAttributes' makes integer from pointer without a cast [-Wint-conversion]
  385 |  Xil_SetTlbAttributes(create_control, NORM_NONCACHE);
      |                       ^~~~~~~~~~~~~~
      |                       |
      |                       volatile char *
In file included from ../src/helloworld.c:53:
C:/University/Masters/Year_1/SYSC5906/SYSC5906_Project/Vitis_sdk_projects/MEC_HSL_impl_V1_9/export/MEC_HSL_impl_V1_9/sw/MEC_HSL_impl_V1_9/standalone_domain/bspinclude/include/xil_mmu.h:85:35: note: expected 'UINTPTR' {aka 'long unsigned int'} but argument is of type 'volatile char *'
   85 | void Xil_SetTlbAttributes(UINTPTR Addr, u64 attrib);
      |                           ~~~~~~~~^~~~
../src/helloworld.c:386:23: warning: passing argument 1 of 'Xil_SetTlbAttributes' makes integer from pointer without a cast [-Wint-conversion]
  386 |  Xil_SetTlbAttributes(mul_control, NORM_NONCACHE);
      |                       ^~~~~~~~~~~
      |                       |
      |                       volatile char *
In file included from ../src/helloworld.c:53:
C:/University/Masters/Year_1/SYSC5906/SYSC5906_Project/Vitis_sdk_projects/MEC_HSL_impl_V1_9/export/MEC_HSL_impl_V1_9/sw/MEC_HSL_impl_V1_9/standalone_domain/bspinclude/include/xil_mmu.h:85:35: note: expected 'UINTPTR' {aka 'long unsigned int'} but argument is of type 'volatile char *'
   85 | void Xil_SetTlbAttributes(UINTPTR Addr, u64 attrib);
      |                           ~~~~~~~~^~~~
'Finished building: ../src/helloworld.c'
' '
'Building file: ../src/helloworld2.c'
'Invoking: ARM v8 gcc compiler'
aarch64-none-elf-gcc -Wall -O0 -g3 -c -fmessage-length=0 -MT"src/helloworld2.o" -IC:/University/Masters/Year_1/SYSC5906/SYSC5906_Project/Vitis_sdk_projects/MEC_HSL_impl_V1_9/export/MEC_HSL_impl_V1_9/sw/MEC_HSL_impl_V1_9/standalone_domain/bspinclude/include -MMD -MP -MF"src/helloworld2.d" -MT"src/helloworld2.o" -o "src/helloworld2.o" "../src/helloworld2.c"
'Finished building: ../src/helloworld2.c'
' '
'Building file: ../src/platform.c'
'Invoking: ARM v8 gcc compiler'
aarch64-none-elf-gcc -Wall -O0 -g3 -c -fmessage-length=0 -MT"src/platform.o" -IC:/University/Masters/Year_1/SYSC5906/SYSC5906_Project/Vitis_sdk_projects/MEC_HSL_impl_V1_9/export/MEC_HSL_impl_V1_9/sw/MEC_HSL_impl_V1_9/standalone_domain/bspinclude/include -MMD -MP -MF"src/platform.d" -MT"src/platform.o" -o "src/platform.o" "../src/platform.c"
'Finished building: ../src/platform.c'
' '
'Building target: MEC_HLS_Impl_1_1.elf'
'Invoking: ARM v8 gcc linker'
aarch64-none-elf-gcc -Wl,-T -Wl,../src/lscript.ld -LC:/University/Masters/Year_1/SYSC5906/SYSC5906_Project/Vitis_sdk_projects/MEC_HSL_impl_V1_9/export/MEC_HSL_impl_V1_9/sw/MEC_HSL_impl_V1_9/standalone_domain/bsplib/lib -o "MEC_HLS_Impl_1_1.elf"  ./src/helloworld.o ./src/helloworld2.o ./src/platform.o   -Wl,--start-group,-lxil,-lgcc,-lc,--end-group
'Finished building target: MEC_HLS_Impl_1_1.elf'
' '
'Invoking: ARM v8 Print Size'
aarch64-none-elf-size MEC_HLS_Impl_1_1.elf  |tee "MEC_HLS_Impl_1_1.elf.size"
   text	   data	    bss	    dec	    hex	filename
 113511	   5264	34607445	34726220	211e14c	MEC_HLS_Impl_1_1.elf
'Finished building: MEC_HLS_Impl_1_1.elf.size'
' '
09:13:56 **** Incremental Build of configuration Debug for project MEC_HLS_Impl_1_1_system ****
make all 
Generating bif file for the system project
generate_system_bif.bat 49760 C:/University/Masters/Year_1/SYSC5906/SYSC5906_Project/Vitis_sdk_projects/MEC_HSL_impl_V1_9/export/MEC_HSL_impl_V1_9/MEC_HSL_impl_V1_9.xpfm standalone_domain C:/University/Masters/Year_1/SYSC5906/SYSC5906_Project/Vitis_sdk_projects/MEC_HLS_Impl_1_1_system/Debug/system.bif
sdcard_gen --xpfm C:/University/Masters/Year_1/SYSC5906/SYSC5906_Project/Vitis_sdk_projects/MEC_HSL_impl_V1_9/export/MEC_HSL_impl_V1_9/MEC_HSL_impl_V1_9.xpfm --sys_config MEC_HSL_impl_V1_9 --bif C:/University/Masters/Year_1/SYSC5906/SYSC5906_Project/Vitis_sdk_projects/MEC_HLS_Impl_1_1_system/Debug/system.bif --bitstream C:/University/Masters/Year_1/SYSC5906/SYSC5906_Project/Vitis_sdk_projects/MEC_HLS_Impl_1_1/_ide/bitstream/MEC_HSL_impl_V1.9.bit --elf C:/University/Masters/Year_1/SYSC5906/SYSC5906_Project/Vitis_sdk_projects/MEC_HLS_Impl_1_1/Debug/MEC_HLS_Impl_1_1.elf,psu_cortexa53_0
creating BOOT.BIN using C:/University/Masters/Year_1/SYSC5906/SYSC5906_Project/Vitis_sdk_projects/MEC_HLS_Impl_1_1/_ide/bitstream/MEC_HSL_impl_V1.9.bit
Running G:/dev_tools/xilinx/Vitis/2021.1/bin/bootgen -arch zynqmp -image C:/University/Masters/Year_1/SYSC5906/SYSC5906_Project/Vitis_sdk_projects/MEC_HLS_Impl_1_1_system/Debug/sd_card_temp/boot.bif -w -o i BOOT.BIN
